// Vitest Snapshot v1

exports[`Gender > match snapshot 1`] = `
<DocumentFragment>
  <div
    class="MuiFormControl-root css-1nrlq1o-MuiFormControl-root"
  >
    <label
      class="MuiInputLabel-root MuiInputLabel-formControl MuiInputLabel-animated MuiInputLabel-shrink MuiInputLabel-filled MuiFormLabel-root MuiFormLabel-colorPrimary MuiFormLabel-filled css-o943dk-MuiFormLabel-root-MuiInputLabel-root"
      data-shrink="true"
      id="gender-label"
    >
      Gender
    </label>
    <div
      class="MuiFilledInput-root MuiFilledInput-underline MuiInputBase-root MuiInputBase-colorPrimary MuiInputBase-formControl  css-67qocj-MuiInputBase-root-MuiFilledInput-root-MuiSelect-root"
      data-testid="gender"
    >
      <div
        aria-expanded="false"
        aria-haspopup="listbox"
        aria-labelledby="gender-label gender-select"
        class="MuiSelect-select MuiSelect-filled MuiFilledInput-input MuiInputBase-input css-d9oaum-MuiSelect-select-MuiInputBase-input-MuiFilledInput-input"
        id="gender-select"
        role="button"
        tabindex="0"
      >
        female
      </div>
      <input
        aria-hidden="true"
        class="MuiSelect-nativeInput css-yf8vq0-MuiSelect-nativeInput"
        tabindex="-1"
        value="female"
      />
      <svg
        aria-hidden="true"
        class="MuiSvgIcon-root MuiSvgIcon-fontSizeMedium MuiSelect-icon MuiSelect-iconFilled css-hfutr2-MuiSvgIcon-root-MuiSelect-icon"
        data-testid="ArrowDropDownIcon"
        focusable="false"
        viewBox="0 0 24 24"
      >
        <path
          d="M7 10l5 5 5-5z"
        />
      </svg>
    </div>
  </div>
</DocumentFragment>
`;
